// Jest Snapshot v1, https://goo.gl/fbAQLP

exports[`Pruebas a GifGrid debe de mostrar el componente correctamente 1`] = `
<div
  className="card animate__animated animate__fadeIn"
>
  <img
    alt="Soy un titulo"
    src="https://localhost/imagen.jpg"
  />
  <p>
    Soy un titulo
  </p>
</div>
`;
